((1 3 {1.a 3.b}) (4 2 {4.d 2.c}) {1.a 2.b}) 238.98000000000002
