(((2 3 {2.a 3.b}) 1) (6 (4 5 {4.a 5.b}) {6.d 5.b})) 2270.0
