((1a 3 {1.i 3.f}) 2 {1.i 2.s} {3.s 2.r}) 38895.42105263158
