(1 ((2i 4 {2.m 4.i}) 3 {4.i 3.m} {2.m 3.m}) {1.i 3.k}) 47436528.9407099
